[0.072s] DEBUG:colcon:Command line arguments: ['/usr/bin/colcon', 'build']
[0.072s] DEBUG:colcon:Parsed command line arguments: Namespace(log_base=None, log_level=None, verb_name='build', build_base='build', install_base='install', merge_install=False, symlink_install=False, test_result_base=None, continue_on_error=False, executor='parallel', parallel_workers=20, event_handlers=None, ignore_user_meta=False, metas=['./colcon.meta'], base_paths=['.'], packages_ignore=None, packages_ignore_regex=None, paths=None, packages_up_to=None, packages_up_to_regex=None, packages_above=None, packages_above_and_dependencies=None, packages_above_depth=None, packages_select_by_dep=None, packages_skip_by_dep=None, packages_skip_up_to=None, packages_select_build_failed=False, packages_skip_build_finished=False, packages_select_test_failures=False, packages_skip_test_passed=False, packages_select=None, packages_skip=None, packages_select_regex=None, packages_skip_regex=None, packages_start=None, packages_end=None, allow_overriding=[], cmake_args=None, cmake_target=None, cmake_target_skip_unavailable=False, cmake_clean_cache=False, cmake_clean_first=False, cmake_force_configure=False, ament_cmake_args=None, catkin_cmake_args=None, catkin_skip_building_tests=False, mixin_files=None, mixin=None, verb_parser=<colcon_mixin.mixin.mixin_argument.MixinArgumentDecorator object at 0x7d0485f87760>, verb_extension=<colcon_core.verb.build.BuildVerb object at 0x7d0485f870d0>, main=<bound method BuildVerb.main of <colcon_core.verb.build.BuildVerb object at 0x7d0485f870d0>>, mixin_verb=('build',))
[0.196s] Level 1:colcon.colcon_core.package_discovery:discover_packages(colcon_meta) check parameters
[0.196s] Level 1:colcon.colcon_core.package_discovery:discover_packages(recursive) check parameters
[0.196s] Level 1:colcon.colcon_core.package_discovery:discover_packages(ignore) check parameters
[0.196s] Level 1:colcon.colcon_core.package_discovery:discover_packages(path) check parameters
[0.196s] Level 1:colcon.colcon_core.package_discovery:discover_packages(colcon_meta) discover
[0.196s] Level 1:colcon.colcon_core.package_discovery:discover_packages(recursive) discover
[0.196s] INFO:colcon.colcon_core.package_discovery:Crawling recursively for packages in '/home/emma/ENPM673_final_project'
[0.197s] Level 1:colcon.colcon_core.package_identification:_identify(.) by extensions ['ignore', 'ignore_ament_install']
[0.197s] Level 1:colcon.colcon_core.package_identification:_identify(.) by extension 'ignore'
[0.197s] Level 1:colcon.colcon_core.package_identification:_identify(.) by extension 'ignore_ament_install'
[0.197s] Level 1:colcon.colcon_core.package_identification:_identify(.) by extensions ['colcon_pkg']
[0.197s] Level 1:colcon.colcon_core.package_identification:_identify(.) by extension 'colcon_pkg'
[0.197s] Level 1:colcon.colcon_core.package_identification:_identify(.) by extensions ['colcon_meta']
[0.197s] Level 1:colcon.colcon_core.package_identification:_identify(.) by extension 'colcon_meta'
[0.197s] Level 1:colcon.colcon_core.package_identification:_identify(.) by extensions ['ros']
[0.197s] Level 1:colcon.colcon_core.package_identification:_identify(.) by extension 'ros'
[0.214s] Level 1:colcon.colcon_core.package_identification:_identify(.) by extensions ['cmake', 'python']
[0.214s] Level 1:colcon.colcon_core.package_identification:_identify(.) by extension 'cmake'
[0.214s] Level 1:colcon.colcon_core.package_identification:_identify(.) by extension 'python'
[0.214s] Level 1:colcon.colcon_core.package_identification:_identify(.) by extensions ['python_setup_py']
[0.214s] Level 1:colcon.colcon_core.package_identification:_identify(.) by extension 'python_setup_py'
[0.214s] Level 1:colcon.colcon_core.package_identification:_identify(assets) by extensions ['ignore', 'ignore_ament_install']
[0.214s] Level 1:colcon.colcon_core.package_identification:_identify(assets) by extension 'ignore'
[0.214s] Level 1:colcon.colcon_core.package_identification:_identify(assets) by extension 'ignore_ament_install'
[0.214s] Level 1:colcon.colcon_core.package_identification:_identify(assets) by extensions ['colcon_pkg']
[0.214s] Level 1:colcon.colcon_core.package_identification:_identify(assets) by extension 'colcon_pkg'
[0.214s] Level 1:colcon.colcon_core.package_identification:_identify(assets) by extensions ['colcon_meta']
[0.214s] Level 1:colcon.colcon_core.package_identification:_identify(assets) by extension 'colcon_meta'
[0.214s] Level 1:colcon.colcon_core.package_identification:_identify(assets) by extensions ['ros']
[0.214s] Level 1:colcon.colcon_core.package_identification:_identify(assets) by extension 'ros'
[0.214s] Level 1:colcon.colcon_core.package_identification:_identify(assets) by extensions ['cmake', 'python']
[0.214s] Level 1:colcon.colcon_core.package_identification:_identify(assets) by extension 'cmake'
[0.214s] Level 1:colcon.colcon_core.package_identification:_identify(assets) by extension 'python'
[0.214s] Level 1:colcon.colcon_core.package_identification:_identify(assets) by extensions ['python_setup_py']
[0.214s] Level 1:colcon.colcon_core.package_identification:_identify(assets) by extension 'python_setup_py'
[0.214s] Level 1:colcon.colcon_core.package_identification:_identify(build) by extensions ['ignore', 'ignore_ament_install']
[0.214s] Level 1:colcon.colcon_core.package_identification:_identify(build) by extension 'ignore'
[0.214s] Level 1:colcon.colcon_core.package_identification:_identify(build) ignored
[0.215s] Level 1:colcon.colcon_core.package_identification:_identify(docs) by extensions ['ignore', 'ignore_ament_install']
[0.215s] Level 1:colcon.colcon_core.package_identification:_identify(docs) by extension 'ignore'
[0.215s] Level 1:colcon.colcon_core.package_identification:_identify(docs) by extension 'ignore_ament_install'
[0.215s] Level 1:colcon.colcon_core.package_identification:_identify(docs) by extensions ['colcon_pkg']
[0.215s] Level 1:colcon.colcon_core.package_identification:_identify(docs) by extension 'colcon_pkg'
[0.215s] Level 1:colcon.colcon_core.package_identification:_identify(docs) by extensions ['colcon_meta']
[0.215s] Level 1:colcon.colcon_core.package_identification:_identify(docs) by extension 'colcon_meta'
[0.215s] Level 1:colcon.colcon_core.package_identification:_identify(docs) by extensions ['ros']
[0.215s] Level 1:colcon.colcon_core.package_identification:_identify(docs) by extension 'ros'
[0.215s] Level 1:colcon.colcon_core.package_identification:_identify(docs) by extensions ['cmake', 'python']
[0.215s] Level 1:colcon.colcon_core.package_identification:_identify(docs) by extension 'cmake'
[0.215s] Level 1:colcon.colcon_core.package_identification:_identify(docs) by extension 'python'
[0.215s] Level 1:colcon.colcon_core.package_identification:_identify(docs) by extensions ['python_setup_py']
[0.215s] Level 1:colcon.colcon_core.package_identification:_identify(docs) by extension 'python_setup_py'
[0.215s] Level 1:colcon.colcon_core.package_identification:_identify(install) by extensions ['ignore', 'ignore_ament_install']
[0.215s] Level 1:colcon.colcon_core.package_identification:_identify(install) by extension 'ignore'
[0.215s] Level 1:colcon.colcon_core.package_identification:_identify(install) ignored
[0.215s] Level 1:colcon.colcon_core.package_identification:_identify(log) by extensions ['ignore', 'ignore_ament_install']
[0.215s] Level 1:colcon.colcon_core.package_identification:_identify(log) by extension 'ignore'
[0.215s] Level 1:colcon.colcon_core.package_identification:_identify(log) ignored
[0.215s] Level 1:colcon.colcon_core.package_identification:_identify(src) by extensions ['ignore', 'ignore_ament_install']
[0.215s] Level 1:colcon.colcon_core.package_identification:_identify(src) by extension 'ignore'
[0.215s] Level 1:colcon.colcon_core.package_identification:_identify(src) by extension 'ignore_ament_install'
[0.215s] Level 1:colcon.colcon_core.package_identification:_identify(src) by extensions ['colcon_pkg']
[0.215s] Level 1:colcon.colcon_core.package_identification:_identify(src) by extension 'colcon_pkg'
[0.215s] Level 1:colcon.colcon_core.package_identification:_identify(src) by extensions ['colcon_meta']
[0.215s] Level 1:colcon.colcon_core.package_identification:_identify(src) by extension 'colcon_meta'
[0.215s] Level 1:colcon.colcon_core.package_identification:_identify(src) by extensions ['ros']
[0.215s] Level 1:colcon.colcon_core.package_identification:_identify(src) by extension 'ros'
[0.217s] DEBUG:colcon.colcon_core.package_identification:Package 'src' with type 'ros.ament_python' and name 'tb4_sim'
[0.217s] Level 1:colcon.colcon_core.package_identification:_identify(tb4_autonomy) by extensions ['ignore', 'ignore_ament_install']
[0.217s] Level 1:colcon.colcon_core.package_identification:_identify(tb4_autonomy) by extension 'ignore'
[0.217s] Level 1:colcon.colcon_core.package_identification:_identify(tb4_autonomy) by extension 'ignore_ament_install'
[0.217s] Level 1:colcon.colcon_core.package_identification:_identify(tb4_autonomy) by extensions ['colcon_pkg']
[0.217s] Level 1:colcon.colcon_core.package_identification:_identify(tb4_autonomy) by extension 'colcon_pkg'
[0.217s] Level 1:colcon.colcon_core.package_identification:_identify(tb4_autonomy) by extensions ['colcon_meta']
[0.217s] Level 1:colcon.colcon_core.package_identification:_identify(tb4_autonomy) by extension 'colcon_meta'
[0.217s] Level 1:colcon.colcon_core.package_identification:_identify(tb4_autonomy) by extensions ['ros']
[0.217s] Level 1:colcon.colcon_core.package_identification:_identify(tb4_autonomy) by extension 'ros'
[0.217s] DEBUG:colcon.colcon_core.package_identification:Package 'tb4_autonomy' with type 'ros.ament_python' and name 'tb4_autonomy'
[0.217s] Level 1:colcon.colcon_core.package_discovery:discover_packages(recursive) using defaults
[0.218s] Level 1:colcon.colcon_core.package_discovery:discover_packages(ignore) discover
[0.218s] Level 1:colcon.colcon_core.package_discovery:discover_packages(ignore) using defaults
[0.218s] Level 1:colcon.colcon_core.package_discovery:discover_packages(path) discover
[0.218s] Level 1:colcon.colcon_core.package_discovery:discover_packages(path) using defaults
[0.230s] Level 1:colcon.colcon_core.package_discovery:discover_packages(prefix_path) check parameters
[0.230s] Level 1:colcon.colcon_core.package_discovery:discover_packages(prefix_path) discover
[0.232s] DEBUG:colcon.colcon_installed_package_information.package_discovery:Found 2 installed packages in /home/emma/ENPM673_final_project/install
[0.233s] DEBUG:colcon.colcon_installed_package_information.package_discovery:Found 9 installed packages in /home/emma/project4_ws/install
[0.233s] DEBUG:colcon.colcon_installed_package_information.package_discovery:Found 56 installed packages in /home/emma/ws_moveit2/install
[0.235s] DEBUG:colcon.colcon_installed_package_information.package_discovery:Found 519 installed packages in /opt/ros/humble
[0.237s] Level 1:colcon.colcon_core.package_discovery:discover_packages(prefix_path) using defaults
[0.273s] Level 5:colcon.colcon_core.verb:set package 'tb4_sim' build argument 'cmake_args' from command line to 'None'
[0.273s] Level 5:colcon.colcon_core.verb:set package 'tb4_sim' build argument 'cmake_target' from command line to 'None'
[0.273s] Level 5:colcon.colcon_core.verb:set package 'tb4_sim' build argument 'cmake_target_skip_unavailable' from command line to 'False'
[0.273s] Level 5:colcon.colcon_core.verb:set package 'tb4_sim' build argument 'cmake_clean_cache' from command line to 'False'
[0.273s] Level 5:colcon.colcon_core.verb:set package 'tb4_sim' build argument 'cmake_clean_first' from command line to 'False'
[0.273s] Level 5:colcon.colcon_core.verb:set package 'tb4_sim' build argument 'cmake_force_configure' from command line to 'False'
[0.273s] Level 5:colcon.colcon_core.verb:set package 'tb4_sim' build argument 'ament_cmake_args' from command line to 'None'
[0.273s] Level 5:colcon.colcon_core.verb:set package 'tb4_sim' build argument 'catkin_cmake_args' from command line to 'None'
[0.273s] Level 5:colcon.colcon_core.verb:set package 'tb4_sim' build argument 'catkin_skip_building_tests' from command line to 'False'
[0.273s] DEBUG:colcon.colcon_core.verb:Building package 'tb4_sim' with the following arguments: {'ament_cmake_args': None, 'build_base': '/home/emma/ENPM673_final_project/build/tb4_sim', 'catkin_cmake_args': None, 'catkin_skip_building_tests': False, 'cmake_args': None, 'cmake_clean_cache': False, 'cmake_clean_first': False, 'cmake_force_configure': False, 'cmake_target': None, 'cmake_target_skip_unavailable': False, 'install_base': '/home/emma/ENPM673_final_project/install/tb4_sim', 'merge_install': False, 'path': '/home/emma/ENPM673_final_project/src', 'symlink_install': False, 'test_result_base': None}
[0.273s] Level 5:colcon.colcon_core.verb:set package 'tb4_autonomy' build argument 'cmake_args' from command line to 'None'
[0.273s] Level 5:colcon.colcon_core.verb:set package 'tb4_autonomy' build argument 'cmake_target' from command line to 'None'
[0.274s] Level 5:colcon.colcon_core.verb:set package 'tb4_autonomy' build argument 'cmake_target_skip_unavailable' from command line to 'False'
[0.274s] Level 5:colcon.colcon_core.verb:set package 'tb4_autonomy' build argument 'cmake_clean_cache' from command line to 'False'
[0.274s] Level 5:colcon.colcon_core.verb:set package 'tb4_autonomy' build argument 'cmake_clean_first' from command line to 'False'
[0.274s] Level 5:colcon.colcon_core.verb:set package 'tb4_autonomy' build argument 'cmake_force_configure' from command line to 'False'
[0.274s] Level 5:colcon.colcon_core.verb:set package 'tb4_autonomy' build argument 'ament_cmake_args' from command line to 'None'
[0.274s] Level 5:colcon.colcon_core.verb:set package 'tb4_autonomy' build argument 'catkin_cmake_args' from command line to 'None'
[0.274s] Level 5:colcon.colcon_core.verb:set package 'tb4_autonomy' build argument 'catkin_skip_building_tests' from command line to 'False'
[0.274s] DEBUG:colcon.colcon_core.verb:Building package 'tb4_autonomy' with the following arguments: {'ament_cmake_args': None, 'build_base': '/home/emma/ENPM673_final_project/build/tb4_autonomy', 'catkin_cmake_args': None, 'catkin_skip_building_tests': False, 'cmake_args': None, 'cmake_clean_cache': False, 'cmake_clean_first': False, 'cmake_force_configure': False, 'cmake_target': None, 'cmake_target_skip_unavailable': False, 'install_base': '/home/emma/ENPM673_final_project/install/tb4_autonomy', 'merge_install': False, 'path': '/home/emma/ENPM673_final_project/tb4_autonomy', 'symlink_install': False, 'test_result_base': None}
[0.274s] INFO:colcon.colcon_core.executor:Executing jobs using 'parallel' executor
[0.274s] DEBUG:colcon.colcon_parallel_executor.executor.parallel:run_until_complete
[0.275s] INFO:colcon.colcon_ros.task.ament_python.build:Building ROS package in '/home/emma/ENPM673_final_project/src' with build type 'ament_python'
[0.275s] Level 1:colcon.colcon_core.shell:create_environment_hook('tb4_sim', 'ament_prefix_path')
[0.276s] INFO:colcon.colcon_core.plugin_system:Skipping extension 'colcon_core.shell.bat': Not used on non-Windows systems
[0.276s] INFO:colcon.colcon_core.shell:Creating environment hook '/home/emma/ENPM673_final_project/install/tb4_sim/share/tb4_sim/hook/ament_prefix_path.ps1'
[0.277s] INFO:colcon.colcon_core.shell:Creating environment descriptor '/home/emma/ENPM673_final_project/install/tb4_sim/share/tb4_sim/hook/ament_prefix_path.dsv'
[0.277s] INFO:colcon.colcon_core.shell:Creating environment hook '/home/emma/ENPM673_final_project/install/tb4_sim/share/tb4_sim/hook/ament_prefix_path.sh'
[0.278s] INFO:colcon.colcon_core.shell:Skip shell extension 'powershell' for command environment: Not usable outside of PowerShell
[0.278s] DEBUG:colcon.colcon_core.shell:Skip shell extension 'dsv' for command environment
[0.457s] INFO:colcon.colcon_core.task.python.build:Building Python package in '/home/emma/ENPM673_final_project/src'
[0.457s] INFO:colcon.colcon_core.shell:Skip shell extension 'powershell' for command environment: Not usable outside of PowerShell
[0.457s] DEBUG:colcon.colcon_core.shell:Skip shell extension 'dsv' for command environment
[0.721s] DEBUG:colcon.colcon_core.event_handler.log_command:Invoking command in '/home/emma/ENPM673_final_project/src': PYTHONPATH=/home/emma/ENPM673_final_project/build/tb4_sim/prefix_override:/usr/lib/python3/dist-packages/colcon_core/task/python/colcon_distutils_commands:/home/emma/ENPM673_final_project/install/tb4_sim/lib/python3.10/site-packages:${PYTHONPATH} /usr/bin/python3 -W ignore:setup.py install is deprecated -W ignore:easy_install command is deprecated setup.py egg_info --egg-base ../build/tb4_sim build --build-base /home/emma/ENPM673_final_project/build/tb4_sim/build install --record /home/emma/ENPM673_final_project/build/tb4_sim/install.log --single-version-externally-managed install_data
[0.916s] DEBUG:colcon.colcon_core.event_handler.log_command:Invoked command in '/home/emma/ENPM673_final_project/src' returned '0': PYTHONPATH=/home/emma/ENPM673_final_project/build/tb4_sim/prefix_override:/usr/lib/python3/dist-packages/colcon_core/task/python/colcon_distutils_commands:/home/emma/ENPM673_final_project/install/tb4_sim/lib/python3.10/site-packages:${PYTHONPATH} /usr/bin/python3 -W ignore:setup.py install is deprecated -W ignore:easy_install command is deprecated setup.py egg_info --egg-base ../build/tb4_sim build --build-base /home/emma/ENPM673_final_project/build/tb4_sim/build install --record /home/emma/ENPM673_final_project/build/tb4_sim/install.log --single-version-externally-managed install_data
[0.918s] Level 1:colcon.colcon_core.environment:checking '/home/emma/ENPM673_final_project/install/tb4_sim' for CMake module files
[0.918s] Level 1:colcon.colcon_core.environment:checking '/home/emma/ENPM673_final_project/install/tb4_sim' for CMake config files
[0.918s] Level 1:colcon.colcon_core.environment:checking '/home/emma/ENPM673_final_project/install/tb4_sim/lib'
[0.918s] Level 1:colcon.colcon_core.environment:checking '/home/emma/ENPM673_final_project/install/tb4_sim/bin'
[0.918s] Level 1:colcon.colcon_core.environment:checking '/home/emma/ENPM673_final_project/install/tb4_sim/lib/pkgconfig/tb4_sim.pc'
[0.919s] Level 1:colcon.colcon_core.environment:checking '/home/emma/ENPM673_final_project/install/tb4_sim/lib/python3.10/site-packages'
[0.919s] Level 1:colcon.colcon_core.shell:create_environment_hook('tb4_sim', 'pythonpath')
[0.919s] INFO:colcon.colcon_core.shell:Creating environment hook '/home/emma/ENPM673_final_project/install/tb4_sim/share/tb4_sim/hook/pythonpath.ps1'
[0.919s] INFO:colcon.colcon_core.shell:Creating environment descriptor '/home/emma/ENPM673_final_project/install/tb4_sim/share/tb4_sim/hook/pythonpath.dsv'
[0.919s] INFO:colcon.colcon_core.shell:Creating environment hook '/home/emma/ENPM673_final_project/install/tb4_sim/share/tb4_sim/hook/pythonpath.sh'
[0.920s] Level 1:colcon.colcon_core.environment:checking '/home/emma/ENPM673_final_project/install/tb4_sim/bin'
[0.920s] Level 1:colcon.colcon_core.environment:create_environment_scripts_only(tb4_sim)
[0.920s] INFO:colcon.colcon_core.shell:Creating package script '/home/emma/ENPM673_final_project/install/tb4_sim/share/tb4_sim/package.ps1'
[0.921s] INFO:colcon.colcon_core.shell:Creating package descriptor '/home/emma/ENPM673_final_project/install/tb4_sim/share/tb4_sim/package.dsv'
[0.921s] INFO:colcon.colcon_core.shell:Creating package script '/home/emma/ENPM673_final_project/install/tb4_sim/share/tb4_sim/package.sh'
[0.921s] INFO:colcon.colcon_core.shell:Creating package script '/home/emma/ENPM673_final_project/install/tb4_sim/share/tb4_sim/package.bash'
[0.922s] INFO:colcon.colcon_core.shell:Creating package script '/home/emma/ENPM673_final_project/install/tb4_sim/share/tb4_sim/package.zsh'
[0.922s] Level 1:colcon.colcon_core.environment:create_file_with_runtime_dependencies(/home/emma/ENPM673_final_project/install/tb4_sim/share/colcon-core/packages/tb4_sim)
[0.922s] INFO:colcon.colcon_ros.task.ament_python.build:Building ROS package in '/home/emma/ENPM673_final_project/tb4_autonomy' with build type 'ament_python'
[0.922s] Level 1:colcon.colcon_core.shell:create_environment_hook('tb4_autonomy', 'ament_prefix_path')
[0.922s] INFO:colcon.colcon_core.shell:Creating environment hook '/home/emma/ENPM673_final_project/install/tb4_autonomy/share/tb4_autonomy/hook/ament_prefix_path.ps1'
[0.923s] INFO:colcon.colcon_core.shell:Creating environment descriptor '/home/emma/ENPM673_final_project/install/tb4_autonomy/share/tb4_autonomy/hook/ament_prefix_path.dsv'
[0.923s] INFO:colcon.colcon_core.shell:Creating environment hook '/home/emma/ENPM673_final_project/install/tb4_autonomy/share/tb4_autonomy/hook/ament_prefix_path.sh'
[0.923s] INFO:colcon.colcon_core.shell:Skip shell extension 'powershell' for command environment: Not usable outside of PowerShell
[0.923s] DEBUG:colcon.colcon_core.shell:Skip shell extension 'dsv' for command environment
[1.115s] INFO:colcon.colcon_core.task.python.build:Building Python package in '/home/emma/ENPM673_final_project/tb4_autonomy'
[1.115s] INFO:colcon.colcon_core.shell:Skip shell extension 'powershell' for command environment: Not usable outside of PowerShell
[1.115s] DEBUG:colcon.colcon_core.shell:Skip shell extension 'dsv' for command environment
[1.386s] DEBUG:colcon.colcon_core.event_handler.log_command:Invoking command in '/home/emma/ENPM673_final_project/tb4_autonomy': AMENT_PREFIX_PATH=/home/emma/ENPM673_final_project/install/tb4_sim:/home/emma/ENPM673_final_project/install/tb4_autonomy:/home/emma/project4_ws/install/package_117081992:/home/emma/project4_ws/install/moveit_task_constructor_visualization:/home/emma/project4_ws/install/moveit_task_constructor_demo:/home/emma/project4_ws/install/moveit_task_constructor_capabilities:/home/emma/project4_ws/install/moveit_task_constructor_core:/home/emma/project4_ws/install/rviz_marker_tools:/home/emma/project4_ws/install/moveit_task_constructor_msgs:/home/emma/project4_ws/install/emma_panda2:/home/emma/project4_ws/install/emma_panda:/home/emma/ws_moveit2/install/pilz_industrial_motion_planner_testutils:/home/emma/ws_moveit2/install/moveit_runtime:/home/emma/ws_moveit2/install/moveit2_tutorials:/home/emma/ws_moveit2/install/moveit:/home/emma/ws_moveit2/install/moveit_planners:/home/emma/ws_moveit2/install/pilz_industrial_motion_planner:/home/emma/ws_moveit2/install/moveit_visual_tools:/home/emma/ws_moveit2/install/moveit_task_constructor_visualization:/home/emma/ws_moveit2/install/moveit_task_constructor_demo:/home/emma/ws_moveit2/install/moveit_task_constructor_capabilities:/home/emma/ws_moveit2/install/moveit_task_constructor_core:/home/emma/ws_moveit2/install/moveit_ros_control_interface:/home/emma/ws_moveit2/install/moveit_plugins:/home/emma/ws_moveit2/install/moveit_simple_controller_manager:/home/emma/ws_moveit2/install/moveit_setup_assistant:/home/emma/ws_moveit2/install/moveit_setup_srdf_plugins:/home/emma/ws_moveit2/install/moveit_setup_core_plugins:/home/emma/ws_moveit2/install/moveit_setup_controllers:/home/emma/ws_moveit2/install/moveit_setup_app_plugins:/home/emma/ws_moveit2/install/moveit_setup_framework:/home/emma/ws_moveit2/install/moveit_servo:/home/emma/ws_moveit2/install/moveit_ros:/home/emma/ws_moveit2/install/moveit_ros_visualization:/home/emma/ws_moveit2/install/moveit_py:/home/emma/ws_moveit2/install/moveit_hybrid_planning:/home/emma/ws_moveit2/install/moveit_ros_planning_interface:/home/emma/ws_moveit2/install/moveit_ros_benchmarks:/home/emma/ws_moveit2/install/moveit_ros_warehouse:/home/emma/ws_moveit2/install/moveit_ros_robot_interaction:/home/emma/ws_moveit2/install/moveit_ros_perception:/home/emma/ws_moveit2/install/moveit_resources_prbt_pg70_support:/home/emma/ws_moveit2/install/moveit_resources_prbt_moveit_config:/home/emma/ws_moveit2/install/moveit_ros_move_group:/home/emma/ws_moveit2/install/moveit_planners_ompl:/home/emma/ws_moveit2/install/moveit_ros_planning:/home/emma/ws_moveit2/install/moveit_ros_occupancy_map_monitor:/home/emma/ws_moveit2/install/moveit_resources_prbt_ikfast_manipulator_plugin:/home/emma/ws_moveit2/install/moveit_planners_chomp:/home/emma/ws_moveit2/install/moveit_kinematics:/home/emma/ws_moveit2/install/moveit_chomp_optimizer_adapter:/home/emma/ws_moveit2/install/chomp_motion_planner:/home/emma/ws_moveit2/install/moveit_core:/home/emma/ws_moveit2/install/moveit_configs_utils:/home/emma/ws_moveit2/install/srdfdom:/home/emma/ws_moveit2/install/rviz_marker_tools:/home/emma/ws_moveit2/install/rosparam_shortcuts:/home/emma/ws_moveit2/install/moveit_task_constructor_msgs:/home/emma/ws_moveit2/install/moveit_resources_prbt_support:/home/emma/ws_moveit2/install/moveit_resources:/home/emma/ws_moveit2/install/moveit_resources_pr2_description:/home/emma/ws_moveit2/install/moveit_resources_panda_moveit_config:/home/emma/ws_moveit2/install/moveit_resources_panda_description:/home/emma/ws_moveit2/install/moveit_resources_fanuc_moveit_config:/home/emma/ws_moveit2/install/moveit_resources_fanuc_description:/home/emma/ws_moveit2/install/moveit_common:/home/emma/ws_moveit2/install/launch_param_builder:/opt/ros/humble PYTHONPATH=/home/emma/ENPM673_final_project/build/tb4_autonomy/prefix_override:/usr/lib/python3/dist-packages/colcon_core/task/python/colcon_distutils_commands:/home/emma/ENPM673_final_project/install/tb4_autonomy/lib/python3.10/site-packages:/home/emma/ENPM673_final_project/install/tb4_sim/lib/python3.10/site-packages:/home/emma/ENPM673_final_project/install/tb4_autonomy/lib/python3.10/site-packages:/home/emma/project4_ws/install/moveit_task_constructor_core/local/lib/python3.10/dist-packages:/home/emma/project4_ws/install/moveit_task_constructor_msgs/local/lib/python3.10/dist-packages:/home/emma/ws_moveit2/install/moveit_task_constructor_core/local/lib/python3.10/dist-packages:/home/emma/ws_moveit2/install/moveit_py/local/lib/python3.10/dist-packages:/home/emma/ws_moveit2/install/moveit_configs_utils/lib/python3.10/site-packages:/home/emma/ws_moveit2/install/srdfdom/local/lib/python3.10/dist-packages:/home/emma/ws_moveit2/install/moveit_task_constructor_msgs/local/lib/python3.10/dist-packages:/home/emma/ws_moveit2/install/launch_param_builder/lib/python3.10/site-packages:/opt/ros/humble/lib/python3.10/site-packages:/opt/ros/humble/local/lib/python3.10/dist-packages /usr/bin/python3 -W ignore:setup.py install is deprecated -W ignore:easy_install command is deprecated setup.py egg_info --egg-base ../build/tb4_autonomy build --build-base /home/emma/ENPM673_final_project/build/tb4_autonomy/build install --record /home/emma/ENPM673_final_project/build/tb4_autonomy/install.log --single-version-externally-managed install_data
[1.592s] Level 1:colcon.colcon_core.environment:checking '/home/emma/ENPM673_final_project/install/tb4_autonomy' for CMake module files
[1.593s] DEBUG:colcon.colcon_core.event_handler.log_command:Invoked command in '/home/emma/ENPM673_final_project/tb4_autonomy' returned '0': AMENT_PREFIX_PATH=/home/emma/ENPM673_final_project/install/tb4_sim:/home/emma/ENPM673_final_project/install/tb4_autonomy:/home/emma/project4_ws/install/package_117081992:/home/emma/project4_ws/install/moveit_task_constructor_visualization:/home/emma/project4_ws/install/moveit_task_constructor_demo:/home/emma/project4_ws/install/moveit_task_constructor_capabilities:/home/emma/project4_ws/install/moveit_task_constructor_core:/home/emma/project4_ws/install/rviz_marker_tools:/home/emma/project4_ws/install/moveit_task_constructor_msgs:/home/emma/project4_ws/install/emma_panda2:/home/emma/project4_ws/install/emma_panda:/home/emma/ws_moveit2/install/pilz_industrial_motion_planner_testutils:/home/emma/ws_moveit2/install/moveit_runtime:/home/emma/ws_moveit2/install/moveit2_tutorials:/home/emma/ws_moveit2/install/moveit:/home/emma/ws_moveit2/install/moveit_planners:/home/emma/ws_moveit2/install/pilz_industrial_motion_planner:/home/emma/ws_moveit2/install/moveit_visual_tools:/home/emma/ws_moveit2/install/moveit_task_constructor_visualization:/home/emma/ws_moveit2/install/moveit_task_constructor_demo:/home/emma/ws_moveit2/install/moveit_task_constructor_capabilities:/home/emma/ws_moveit2/install/moveit_task_constructor_core:/home/emma/ws_moveit2/install/moveit_ros_control_interface:/home/emma/ws_moveit2/install/moveit_plugins:/home/emma/ws_moveit2/install/moveit_simple_controller_manager:/home/emma/ws_moveit2/install/moveit_setup_assistant:/home/emma/ws_moveit2/install/moveit_setup_srdf_plugins:/home/emma/ws_moveit2/install/moveit_setup_core_plugins:/home/emma/ws_moveit2/install/moveit_setup_controllers:/home/emma/ws_moveit2/install/moveit_setup_app_plugins:/home/emma/ws_moveit2/install/moveit_setup_framework:/home/emma/ws_moveit2/install/moveit_servo:/home/emma/ws_moveit2/install/moveit_ros:/home/emma/ws_moveit2/install/moveit_ros_visualization:/home/emma/ws_moveit2/install/moveit_py:/home/emma/ws_moveit2/install/moveit_hybrid_planning:/home/emma/ws_moveit2/install/moveit_ros_planning_interface:/home/emma/ws_moveit2/install/moveit_ros_benchmarks:/home/emma/ws_moveit2/install/moveit_ros_warehouse:/home/emma/ws_moveit2/install/moveit_ros_robot_interaction:/home/emma/ws_moveit2/install/moveit_ros_perception:/home/emma/ws_moveit2/install/moveit_resources_prbt_pg70_support:/home/emma/ws_moveit2/install/moveit_resources_prbt_moveit_config:/home/emma/ws_moveit2/install/moveit_ros_move_group:/home/emma/ws_moveit2/install/moveit_planners_ompl:/home/emma/ws_moveit2/install/moveit_ros_planning:/home/emma/ws_moveit2/install/moveit_ros_occupancy_map_monitor:/home/emma/ws_moveit2/install/moveit_resources_prbt_ikfast_manipulator_plugin:/home/emma/ws_moveit2/install/moveit_planners_chomp:/home/emma/ws_moveit2/install/moveit_kinematics:/home/emma/ws_moveit2/install/moveit_chomp_optimizer_adapter:/home/emma/ws_moveit2/install/chomp_motion_planner:/home/emma/ws_moveit2/install/moveit_core:/home/emma/ws_moveit2/install/moveit_configs_utils:/home/emma/ws_moveit2/install/srdfdom:/home/emma/ws_moveit2/install/rviz_marker_tools:/home/emma/ws_moveit2/install/rosparam_shortcuts:/home/emma/ws_moveit2/install/moveit_task_constructor_msgs:/home/emma/ws_moveit2/install/moveit_resources_prbt_support:/home/emma/ws_moveit2/install/moveit_resources:/home/emma/ws_moveit2/install/moveit_resources_pr2_description:/home/emma/ws_moveit2/install/moveit_resources_panda_moveit_config:/home/emma/ws_moveit2/install/moveit_resources_panda_description:/home/emma/ws_moveit2/install/moveit_resources_fanuc_moveit_config:/home/emma/ws_moveit2/install/moveit_resources_fanuc_description:/home/emma/ws_moveit2/install/moveit_common:/home/emma/ws_moveit2/install/launch_param_builder:/opt/ros/humble PYTHONPATH=/home/emma/ENPM673_final_project/build/tb4_autonomy/prefix_override:/usr/lib/python3/dist-packages/colcon_core/task/python/colcon_distutils_commands:/home/emma/ENPM673_final_project/install/tb4_autonomy/lib/python3.10/site-packages:/home/emma/ENPM673_final_project/install/tb4_sim/lib/python3.10/site-packages:/home/emma/ENPM673_final_project/install/tb4_autonomy/lib/python3.10/site-packages:/home/emma/project4_ws/install/moveit_task_constructor_core/local/lib/python3.10/dist-packages:/home/emma/project4_ws/install/moveit_task_constructor_msgs/local/lib/python3.10/dist-packages:/home/emma/ws_moveit2/install/moveit_task_constructor_core/local/lib/python3.10/dist-packages:/home/emma/ws_moveit2/install/moveit_py/local/lib/python3.10/dist-packages:/home/emma/ws_moveit2/install/moveit_configs_utils/lib/python3.10/site-packages:/home/emma/ws_moveit2/install/srdfdom/local/lib/python3.10/dist-packages:/home/emma/ws_moveit2/install/moveit_task_constructor_msgs/local/lib/python3.10/dist-packages:/home/emma/ws_moveit2/install/launch_param_builder/lib/python3.10/site-packages:/opt/ros/humble/lib/python3.10/site-packages:/opt/ros/humble/local/lib/python3.10/dist-packages /usr/bin/python3 -W ignore:setup.py install is deprecated -W ignore:easy_install command is deprecated setup.py egg_info --egg-base ../build/tb4_autonomy build --build-base /home/emma/ENPM673_final_project/build/tb4_autonomy/build install --record /home/emma/ENPM673_final_project/build/tb4_autonomy/install.log --single-version-externally-managed install_data
[1.593s] Level 1:colcon.colcon_core.environment:checking '/home/emma/ENPM673_final_project/install/tb4_autonomy' for CMake config files
[1.594s] Level 1:colcon.colcon_core.environment:checking '/home/emma/ENPM673_final_project/install/tb4_autonomy/lib'
[1.594s] Level 1:colcon.colcon_core.environment:checking '/home/emma/ENPM673_final_project/install/tb4_autonomy/bin'
[1.594s] Level 1:colcon.colcon_core.environment:checking '/home/emma/ENPM673_final_project/install/tb4_autonomy/lib/pkgconfig/tb4_autonomy.pc'
[1.594s] Level 1:colcon.colcon_core.environment:checking '/home/emma/ENPM673_final_project/install/tb4_autonomy/lib/python3.10/site-packages'
[1.594s] Level 1:colcon.colcon_core.shell:create_environment_hook('tb4_autonomy', 'pythonpath')
[1.594s] INFO:colcon.colcon_core.shell:Creating environment hook '/home/emma/ENPM673_final_project/install/tb4_autonomy/share/tb4_autonomy/hook/pythonpath.ps1'
[1.595s] INFO:colcon.colcon_core.shell:Creating environment descriptor '/home/emma/ENPM673_final_project/install/tb4_autonomy/share/tb4_autonomy/hook/pythonpath.dsv'
[1.595s] INFO:colcon.colcon_core.shell:Creating environment hook '/home/emma/ENPM673_final_project/install/tb4_autonomy/share/tb4_autonomy/hook/pythonpath.sh'
[1.596s] Level 1:colcon.colcon_core.environment:checking '/home/emma/ENPM673_final_project/install/tb4_autonomy/bin'
[1.596s] Level 1:colcon.colcon_core.environment:create_environment_scripts_only(tb4_autonomy)
[1.596s] INFO:colcon.colcon_core.shell:Creating package script '/home/emma/ENPM673_final_project/install/tb4_autonomy/share/tb4_autonomy/package.ps1'
[1.597s] INFO:colcon.colcon_core.shell:Creating package descriptor '/home/emma/ENPM673_final_project/install/tb4_autonomy/share/tb4_autonomy/package.dsv'
[1.597s] INFO:colcon.colcon_core.shell:Creating package script '/home/emma/ENPM673_final_project/install/tb4_autonomy/share/tb4_autonomy/package.sh'
[1.598s] INFO:colcon.colcon_core.shell:Creating package script '/home/emma/ENPM673_final_project/install/tb4_autonomy/share/tb4_autonomy/package.bash'
[1.598s] INFO:colcon.colcon_core.shell:Creating package script '/home/emma/ENPM673_final_project/install/tb4_autonomy/share/tb4_autonomy/package.zsh'
[1.598s] Level 1:colcon.colcon_core.environment:create_file_with_runtime_dependencies(/home/emma/ENPM673_final_project/install/tb4_autonomy/share/colcon-core/packages/tb4_autonomy)
[1.598s] DEBUG:colcon.colcon_parallel_executor.executor.parallel:closing loop
[1.598s] DEBUG:colcon.colcon_parallel_executor.executor.parallel:loop closed
[1.598s] DEBUG:colcon.colcon_parallel_executor.executor.parallel:run_until_complete finished with '0'
[1.598s] DEBUG:colcon.colcon_core.event_reactor:joining thread
[1.603s] INFO:colcon.colcon_core.plugin_system:Skipping extension 'colcon_notification.desktop_notification.terminal_notifier': Not used on non-Darwin systems
[1.603s] INFO:colcon.colcon_core.plugin_system:Skipping extension 'colcon_notification.desktop_notification.win32': Not used on non-Windows systems
[1.603s] INFO:colcon.colcon_notification.desktop_notification:Sending desktop notification using 'notify2'
[1.616s] DEBUG:colcon.colcon_core.event_reactor:joined thread
[1.616s] INFO:colcon.colcon_core.shell:Creating prefix script '/home/emma/ENPM673_final_project/install/local_setup.ps1'
[1.617s] INFO:colcon.colcon_core.shell:Creating prefix util module '/home/emma/ENPM673_final_project/install/_local_setup_util_ps1.py'
[1.617s] INFO:colcon.colcon_core.shell:Creating prefix chain script '/home/emma/ENPM673_final_project/install/setup.ps1'
[1.619s] INFO:colcon.colcon_core.shell:Creating prefix script '/home/emma/ENPM673_final_project/install/local_setup.sh'
[1.619s] INFO:colcon.colcon_core.shell:Creating prefix util module '/home/emma/ENPM673_final_project/install/_local_setup_util_sh.py'
[1.619s] INFO:colcon.colcon_core.shell:Creating prefix chain script '/home/emma/ENPM673_final_project/install/setup.sh'
[1.621s] INFO:colcon.colcon_core.shell:Creating prefix script '/home/emma/ENPM673_final_project/install/local_setup.bash'
[1.621s] INFO:colcon.colcon_core.shell:Creating prefix chain script '/home/emma/ENPM673_final_project/install/setup.bash'
[1.622s] INFO:colcon.colcon_core.shell:Creating prefix script '/home/emma/ENPM673_final_project/install/local_setup.zsh'
[1.623s] INFO:colcon.colcon_core.shell:Creating prefix chain script '/home/emma/ENPM673_final_project/install/setup.zsh'
