/home/emma/ENPM673_final_project/install/tb4_autonomy/lib/python3.10/site-packages/tb4_autonomy/state_machine.py
/home/emma/ENPM673_final_project/install/tb4_autonomy/lib/python3.10/site-packages/tb4_autonomy/data_types.py
/home/emma/ENPM673_final_project/install/tb4_autonomy/lib/python3.10/site-packages/tb4_autonomy/vision_controller_node.py
/home/emma/ENPM673_final_project/install/tb4_autonomy/lib/python3.10/site-packages/tb4_autonomy/motion_controller.py
/home/emma/ENPM673_final_project/install/tb4_autonomy/lib/python3.10/site-packages/tb4_autonomy/__init__.py
/home/emma/ENPM673_final_project/install/tb4_autonomy/lib/python3.10/site-packages/tb4_autonomy/utils/image_tools.py
/home/emma/ENPM673_final_project/install/tb4_autonomy/lib/python3.10/site-packages/tb4_autonomy/utils/geometry.py
/home/emma/ENPM673_final_project/install/tb4_autonomy/lib/python3.10/site-packages/tb4_autonomy/utils/__init__.py
/home/emma/ENPM673_final_project/install/tb4_autonomy/lib/python3.10/site-packages/tb4_autonomy/detectors/arrow_detector.py
/home/emma/ENPM673_final_project/install/tb4_autonomy/lib/python3.10/site-packages/tb4_autonomy/detectors/logo_detector.py
/home/emma/ENPM673_final_project/install/tb4_autonomy/lib/python3.10/site-packages/tb4_autonomy/detectors/moving_ball_detector.py
/home/emma/ENPM673_final_project/install/tb4_autonomy/lib/python3.10/site-packages/tb4_autonomy/detectors/horizon_detector.py
/home/emma/ENPM673_final_project/install/tb4_autonomy/lib/python3.10/site-packages/tb4_autonomy/detectors/__init__.py
/home/emma/ENPM673_final_project/install/tb4_autonomy/lib/python3.10/site-packages/tb4_autonomy/__pycache__/state_machine.cpython-310.pyc
/home/emma/ENPM673_final_project/install/tb4_autonomy/lib/python3.10/site-packages/tb4_autonomy/__pycache__/data_types.cpython-310.pyc
/home/emma/ENPM673_final_project/install/tb4_autonomy/lib/python3.10/site-packages/tb4_autonomy/__pycache__/vision_controller_node.cpython-310.pyc
/home/emma/ENPM673_final_project/install/tb4_autonomy/lib/python3.10/site-packages/tb4_autonomy/__pycache__/motion_controller.cpython-310.pyc
/home/emma/ENPM673_final_project/install/tb4_autonomy/lib/python3.10/site-packages/tb4_autonomy/__pycache__/__init__.cpython-310.pyc
/home/emma/ENPM673_final_project/install/tb4_autonomy/lib/python3.10/site-packages/tb4_autonomy/utils/__pycache__/image_tools.cpython-310.pyc
/home/emma/ENPM673_final_project/install/tb4_autonomy/lib/python3.10/site-packages/tb4_autonomy/utils/__pycache__/geometry.cpython-310.pyc
/home/emma/ENPM673_final_project/install/tb4_autonomy/lib/python3.10/site-packages/tb4_autonomy/utils/__pycache__/__init__.cpython-310.pyc
/home/emma/ENPM673_final_project/install/tb4_autonomy/lib/python3.10/site-packages/tb4_autonomy/detectors/__pycache__/arrow_detector.cpython-310.pyc
/home/emma/ENPM673_final_project/install/tb4_autonomy/lib/python3.10/site-packages/tb4_autonomy/detectors/__pycache__/logo_detector.cpython-310.pyc
/home/emma/ENPM673_final_project/install/tb4_autonomy/lib/python3.10/site-packages/tb4_autonomy/detectors/__pycache__/moving_ball_detector.cpython-310.pyc
/home/emma/ENPM673_final_project/install/tb4_autonomy/lib/python3.10/site-packages/tb4_autonomy/detectors/__pycache__/horizon_detector.cpython-310.pyc
/home/emma/ENPM673_final_project/install/tb4_autonomy/lib/python3.10/site-packages/tb4_autonomy/detectors/__pycache__/__init__.cpython-310.pyc
/home/emma/ENPM673_final_project/install/tb4_autonomy/share/ament_index/resource_index/packages/tb4_autonomy
/home/emma/ENPM673_final_project/install/tb4_autonomy/share/tb4_autonomy/package.xml
/home/emma/ENPM673_final_project/install/tb4_autonomy/share/tb4_autonomy/launch/autonomy.launch.py
/home/emma/ENPM673_final_project/install/tb4_autonomy/share/tb4_autonomy/launch/sim_autonomy.launch.py
/home/emma/ENPM673_final_project/install/tb4_autonomy/share/tb4_autonomy/config/autonomy.yaml
/home/emma/ENPM673_final_project/install/tb4_autonomy/share/tb4_autonomy/config/rviz.rviz
/home/emma/ENPM673_final_project/install/tb4_autonomy/lib/python3.10/site-packages/tb4_autonomy-0.1.0-py3.10.egg-info/SOURCES.txt
/home/emma/ENPM673_final_project/install/tb4_autonomy/lib/python3.10/site-packages/tb4_autonomy-0.1.0-py3.10.egg-info/dependency_links.txt
/home/emma/ENPM673_final_project/install/tb4_autonomy/lib/python3.10/site-packages/tb4_autonomy-0.1.0-py3.10.egg-info/entry_points.txt
/home/emma/ENPM673_final_project/install/tb4_autonomy/lib/python3.10/site-packages/tb4_autonomy-0.1.0-py3.10.egg-info/requires.txt
/home/emma/ENPM673_final_project/install/tb4_autonomy/lib/python3.10/site-packages/tb4_autonomy-0.1.0-py3.10.egg-info/top_level.txt
/home/emma/ENPM673_final_project/install/tb4_autonomy/lib/python3.10/site-packages/tb4_autonomy-0.1.0-py3.10.egg-info/zip-safe
/home/emma/ENPM673_final_project/install/tb4_autonomy/lib/python3.10/site-packages/tb4_autonomy-0.1.0-py3.10.egg-info/PKG-INFO
/home/emma/ENPM673_final_project/install/tb4_autonomy/lib/tb4_autonomy/vision_controller_node
