[0.267s] DEBUG:colcon:Command line arguments: ['/usr/bin/colcon', 'build']
[0.267s] DEBUG:colcon:Parsed command line arguments: Namespace(log_base=None, log_level=None, verb_name='build', build_base='build', install_base='install', merge_install=False, symlink_install=False, test_result_base=None, continue_on_error=False, executor='parallel', parallel_workers=20, event_handlers=None, ignore_user_meta=False, metas=['./colcon.meta'], base_paths=['.'], packages_ignore=None, packages_ignore_regex=None, paths=None, packages_up_to=None, packages_up_to_regex=None, packages_above=None, packages_above_and_dependencies=None, packages_above_depth=None, packages_select_by_dep=None, packages_skip_by_dep=None, packages_skip_up_to=None, packages_select_build_failed=False, packages_skip_build_finished=False, packages_select_test_failures=False, packages_skip_test_passed=False, packages_select=None, packages_skip=None, packages_select_regex=None, packages_skip_regex=None, packages_start=None, packages_end=None, allow_overriding=[], cmake_args=None, cmake_target=None, cmake_target_skip_unavailable=False, cmake_clean_cache=False, cmake_clean_first=False, cmake_force_configure=False, ament_cmake_args=None, catkin_cmake_args=None, catkin_skip_building_tests=False, mixin_files=None, mixin=None, verb_parser=<colcon_mixin.mixin.mixin_argument.MixinArgumentDecorator object at 0x7dba58a97160>, verb_extension=<colcon_core.verb.build.BuildVerb object at 0x7dba58a96ad0>, main=<bound method BuildVerb.main of <colcon_core.verb.build.BuildVerb object at 0x7dba58a96ad0>>, mixin_verb=('build',))
[0.682s] Level 1:colcon.colcon_core.package_discovery:discover_packages(colcon_meta) check parameters
[0.683s] Level 1:colcon.colcon_core.package_discovery:discover_packages(recursive) check parameters
[0.683s] Level 1:colcon.colcon_core.package_discovery:discover_packages(ignore) check parameters
[0.683s] Level 1:colcon.colcon_core.package_discovery:discover_packages(path) check parameters
[0.683s] Level 1:colcon.colcon_core.package_discovery:discover_packages(colcon_meta) discover
[0.683s] Level 1:colcon.colcon_core.package_discovery:discover_packages(recursive) discover
[0.683s] INFO:colcon.colcon_core.package_discovery:Crawling recursively for packages in '/home/emma/ENPM673_final_project'
[0.683s] Level 1:colcon.colcon_core.package_identification:_identify(.) by extensions ['ignore', 'ignore_ament_install']
[0.683s] Level 1:colcon.colcon_core.package_identification:_identify(.) by extension 'ignore'
[0.683s] Level 1:colcon.colcon_core.package_identification:_identify(.) by extension 'ignore_ament_install'
[0.684s] Level 1:colcon.colcon_core.package_identification:_identify(.) by extensions ['colcon_pkg']
[0.684s] Level 1:colcon.colcon_core.package_identification:_identify(.) by extension 'colcon_pkg'
[0.684s] Level 1:colcon.colcon_core.package_identification:_identify(.) by extensions ['colcon_meta']
[0.684s] Level 1:colcon.colcon_core.package_identification:_identify(.) by extension 'colcon_meta'
[0.684s] Level 1:colcon.colcon_core.package_identification:_identify(.) by extensions ['ros']
[0.684s] Level 1:colcon.colcon_core.package_identification:_identify(.) by extension 'ros'
[0.748s] Level 1:colcon.colcon_core.package_identification:_identify(.) by extensions ['cmake', 'python']
[0.748s] Level 1:colcon.colcon_core.package_identification:_identify(.) by extension 'cmake'
[0.748s] Level 1:colcon.colcon_core.package_identification:_identify(.) by extension 'python'
[0.748s] Level 1:colcon.colcon_core.package_identification:_identify(.) by extensions ['python_setup_py']
[0.748s] Level 1:colcon.colcon_core.package_identification:_identify(.) by extension 'python_setup_py'
[0.748s] Level 1:colcon.colcon_core.package_identification:_identify(assets) by extensions ['ignore', 'ignore_ament_install']
[0.748s] Level 1:colcon.colcon_core.package_identification:_identify(assets) by extension 'ignore'
[0.749s] Level 1:colcon.colcon_core.package_identification:_identify(assets) by extension 'ignore_ament_install'
[0.749s] Level 1:colcon.colcon_core.package_identification:_identify(assets) by extensions ['colcon_pkg']
[0.749s] Level 1:colcon.colcon_core.package_identification:_identify(assets) by extension 'colcon_pkg'
[0.749s] Level 1:colcon.colcon_core.package_identification:_identify(assets) by extensions ['colcon_meta']
[0.749s] Level 1:colcon.colcon_core.package_identification:_identify(assets) by extension 'colcon_meta'
[0.749s] Level 1:colcon.colcon_core.package_identification:_identify(assets) by extensions ['ros']
[0.749s] Level 1:colcon.colcon_core.package_identification:_identify(assets) by extension 'ros'
[0.749s] Level 1:colcon.colcon_core.package_identification:_identify(assets) by extensions ['cmake', 'python']
[0.749s] Level 1:colcon.colcon_core.package_identification:_identify(assets) by extension 'cmake'
[0.749s] Level 1:colcon.colcon_core.package_identification:_identify(assets) by extension 'python'
[0.749s] Level 1:colcon.colcon_core.package_identification:_identify(assets) by extensions ['python_setup_py']
[0.749s] Level 1:colcon.colcon_core.package_identification:_identify(assets) by extension 'python_setup_py'
[0.749s] Level 1:colcon.colcon_core.package_identification:_identify(build) by extensions ['ignore', 'ignore_ament_install']
[0.750s] Level 1:colcon.colcon_core.package_identification:_identify(build) by extension 'ignore'
[0.750s] Level 1:colcon.colcon_core.package_identification:_identify(build) ignored
[0.750s] Level 1:colcon.colcon_core.package_identification:_identify(docs) by extensions ['ignore', 'ignore_ament_install']
[0.750s] Level 1:colcon.colcon_core.package_identification:_identify(docs) by extension 'ignore'
[0.750s] Level 1:colcon.colcon_core.package_identification:_identify(docs) by extension 'ignore_ament_install'
[0.750s] Level 1:colcon.colcon_core.package_identification:_identify(docs) by extensions ['colcon_pkg']
[0.750s] Level 1:colcon.colcon_core.package_identification:_identify(docs) by extension 'colcon_pkg'
[0.750s] Level 1:colcon.colcon_core.package_identification:_identify(docs) by extensions ['colcon_meta']
[0.750s] Level 1:colcon.colcon_core.package_identification:_identify(docs) by extension 'colcon_meta'
[0.751s] Level 1:colcon.colcon_core.package_identification:_identify(docs) by extensions ['ros']
[0.751s] Level 1:colcon.colcon_core.package_identification:_identify(docs) by extension 'ros'
[0.751s] Level 1:colcon.colcon_core.package_identification:_identify(docs) by extensions ['cmake', 'python']
[0.751s] Level 1:colcon.colcon_core.package_identification:_identify(docs) by extension 'cmake'
[0.751s] Level 1:colcon.colcon_core.package_identification:_identify(docs) by extension 'python'
[0.751s] Level 1:colcon.colcon_core.package_identification:_identify(docs) by extensions ['python_setup_py']
[0.751s] Level 1:colcon.colcon_core.package_identification:_identify(docs) by extension 'python_setup_py'
[0.751s] Level 1:colcon.colcon_core.package_identification:_identify(install) by extensions ['ignore', 'ignore_ament_install']
[0.751s] Level 1:colcon.colcon_core.package_identification:_identify(install) by extension 'ignore'
[0.751s] Level 1:colcon.colcon_core.package_identification:_identify(install) ignored
[0.752s] Level 1:colcon.colcon_core.package_identification:_identify(log) by extensions ['ignore', 'ignore_ament_install']
[0.752s] Level 1:colcon.colcon_core.package_identification:_identify(log) by extension 'ignore'
[0.752s] Level 1:colcon.colcon_core.package_identification:_identify(log) ignored
[0.752s] Level 1:colcon.colcon_core.package_identification:_identify(src) by extensions ['ignore', 'ignore_ament_install']
[0.752s] Level 1:colcon.colcon_core.package_identification:_identify(src) by extension 'ignore'
[0.752s] Level 1:colcon.colcon_core.package_identification:_identify(src) by extension 'ignore_ament_install'
[0.752s] Level 1:colcon.colcon_core.package_identification:_identify(src) by extensions ['colcon_pkg']
[0.752s] Level 1:colcon.colcon_core.package_identification:_identify(src) by extension 'colcon_pkg'
[0.752s] Level 1:colcon.colcon_core.package_identification:_identify(src) by extensions ['colcon_meta']
[0.753s] Level 1:colcon.colcon_core.package_identification:_identify(src) by extension 'colcon_meta'
[0.753s] Level 1:colcon.colcon_core.package_identification:_identify(src) by extensions ['ros']
[0.753s] Level 1:colcon.colcon_core.package_identification:_identify(src) by extension 'ros'
[0.759s] DEBUG:colcon.colcon_core.package_identification:Package 'src' with type 'ros.ament_python' and name 'tb4_sim'
[0.759s] Level 1:colcon.colcon_core.package_identification:_identify(tb4_autonomy) by extensions ['ignore', 'ignore_ament_install']
[0.759s] Level 1:colcon.colcon_core.package_identification:_identify(tb4_autonomy) by extension 'ignore'
[0.759s] Level 1:colcon.colcon_core.package_identification:_identify(tb4_autonomy) by extension 'ignore_ament_install'
[0.759s] Level 1:colcon.colcon_core.package_identification:_identify(tb4_autonomy) by extensions ['colcon_pkg']
[0.759s] Level 1:colcon.colcon_core.package_identification:_identify(tb4_autonomy) by extension 'colcon_pkg'
[0.759s] Level 1:colcon.colcon_core.package_identification:_identify(tb4_autonomy) by extensions ['colcon_meta']
[0.759s] Level 1:colcon.colcon_core.package_identification:_identify(tb4_autonomy) by extension 'colcon_meta'
[0.760s] Level 1:colcon.colcon_core.package_identification:_identify(tb4_autonomy) by extensions ['ros']
[0.760s] Level 1:colcon.colcon_core.package_identification:_identify(tb4_autonomy) by extension 'ros'
[0.761s] DEBUG:colcon.colcon_core.package_identification:Package 'tb4_autonomy' with type 'ros.ament_python' and name 'tb4_autonomy'
[0.761s] Level 1:colcon.colcon_core.package_discovery:discover_packages(recursive) using defaults
[0.761s] Level 1:colcon.colcon_core.package_discovery:discover_packages(ignore) discover
[0.761s] Level 1:colcon.colcon_core.package_discovery:discover_packages(ignore) using defaults
[0.761s] Level 1:colcon.colcon_core.package_discovery:discover_packages(path) discover
[0.761s] Level 1:colcon.colcon_core.package_discovery:discover_packages(path) using defaults
[0.801s] Level 1:colcon.colcon_core.package_discovery:discover_packages(prefix_path) check parameters
[0.802s] Level 1:colcon.colcon_core.package_discovery:discover_packages(prefix_path) discover
[0.809s] DEBUG:colcon.colcon_installed_package_information.package_discovery:Found 9 installed packages in /home/emma/project4_ws/install
[0.812s] DEBUG:colcon.colcon_installed_package_information.package_discovery:Found 56 installed packages in /home/emma/ws_moveit2/install
[0.817s] DEBUG:colcon.colcon_installed_package_information.package_discovery:Found 519 installed packages in /opt/ros/humble
[0.825s] Level 1:colcon.colcon_core.package_discovery:discover_packages(prefix_path) using defaults
[0.950s] Level 5:colcon.colcon_core.verb:set package 'tb4_sim' build argument 'cmake_args' from command line to 'None'
[0.950s] Level 5:colcon.colcon_core.verb:set package 'tb4_sim' build argument 'cmake_target' from command line to 'None'
[0.950s] Level 5:colcon.colcon_core.verb:set package 'tb4_sim' build argument 'cmake_target_skip_unavailable' from command line to 'False'
[0.950s] Level 5:colcon.colcon_core.verb:set package 'tb4_sim' build argument 'cmake_clean_cache' from command line to 'False'
[0.950s] Level 5:colcon.colcon_core.verb:set package 'tb4_sim' build argument 'cmake_clean_first' from command line to 'False'
[0.950s] Level 5:colcon.colcon_core.verb:set package 'tb4_sim' build argument 'cmake_force_configure' from command line to 'False'
[0.951s] Level 5:colcon.colcon_core.verb:set package 'tb4_sim' build argument 'ament_cmake_args' from command line to 'None'
[0.951s] Level 5:colcon.colcon_core.verb:set package 'tb4_sim' build argument 'catkin_cmake_args' from command line to 'None'
[0.951s] Level 5:colcon.colcon_core.verb:set package 'tb4_sim' build argument 'catkin_skip_building_tests' from command line to 'False'
[0.951s] DEBUG:colcon.colcon_core.verb:Building package 'tb4_sim' with the following arguments: {'ament_cmake_args': None, 'build_base': '/home/emma/ENPM673_final_project/build/tb4_sim', 'catkin_cmake_args': None, 'catkin_skip_building_tests': False, 'cmake_args': None, 'cmake_clean_cache': False, 'cmake_clean_first': False, 'cmake_force_configure': False, 'cmake_target': None, 'cmake_target_skip_unavailable': False, 'install_base': '/home/emma/ENPM673_final_project/install/tb4_sim', 'merge_install': False, 'path': '/home/emma/ENPM673_final_project/src', 'symlink_install': False, 'test_result_base': None}
[0.951s] Level 5:colcon.colcon_core.verb:set package 'tb4_autonomy' build argument 'cmake_args' from command line to 'None'
[0.951s] Level 5:colcon.colcon_core.verb:set package 'tb4_autonomy' build argument 'cmake_target' from command line to 'None'
[0.951s] Level 5:colcon.colcon_core.verb:set package 'tb4_autonomy' build argument 'cmake_target_skip_unavailable' from command line to 'False'
[0.951s] Level 5:colcon.colcon_core.verb:set package 'tb4_autonomy' build argument 'cmake_clean_cache' from command line to 'False'
[0.952s] Level 5:colcon.colcon_core.verb:set package 'tb4_autonomy' build argument 'cmake_clean_first' from command line to 'False'
[0.952s] Level 5:colcon.colcon_core.verb:set package 'tb4_autonomy' build argument 'cmake_force_configure' from command line to 'False'
[0.952s] Level 5:colcon.colcon_core.verb:set package 'tb4_autonomy' build argument 'ament_cmake_args' from command line to 'None'
[0.952s] Level 5:colcon.colcon_core.verb:set package 'tb4_autonomy' build argument 'catkin_cmake_args' from command line to 'None'
[0.952s] Level 5:colcon.colcon_core.verb:set package 'tb4_autonomy' build argument 'catkin_skip_building_tests' from command line to 'False'
[0.952s] DEBUG:colcon.colcon_core.verb:Building package 'tb4_autonomy' with the following arguments: {'ament_cmake_args': None, 'build_base': '/home/emma/ENPM673_final_project/build/tb4_autonomy', 'catkin_cmake_args': None, 'catkin_skip_building_tests': False, 'cmake_args': None, 'cmake_clean_cache': False, 'cmake_clean_first': False, 'cmake_force_configure': False, 'cmake_target': None, 'cmake_target_skip_unavailable': False, 'install_base': '/home/emma/ENPM673_final_project/install/tb4_autonomy', 'merge_install': False, 'path': '/home/emma/ENPM673_final_project/tb4_autonomy', 'symlink_install': False, 'test_result_base': None}
[0.952s] INFO:colcon.colcon_core.executor:Executing jobs using 'parallel' executor
[0.954s] DEBUG:colcon.colcon_parallel_executor.executor.parallel:run_until_complete
[0.955s] INFO:colcon.colcon_ros.task.ament_python.build:Building ROS package in '/home/emma/ENPM673_final_project/src' with build type 'ament_python'
[0.955s] Level 1:colcon.colcon_core.shell:create_environment_hook('tb4_sim', 'ament_prefix_path')
[0.958s] INFO:colcon.colcon_core.plugin_system:Skipping extension 'colcon_core.shell.bat': Not used on non-Windows systems
[0.959s] INFO:colcon.colcon_core.shell:Creating environment hook '/home/emma/ENPM673_final_project/install/tb4_sim/share/tb4_sim/hook/ament_prefix_path.ps1'
[0.960s] INFO:colcon.colcon_core.shell:Creating environment descriptor '/home/emma/ENPM673_final_project/install/tb4_sim/share/tb4_sim/hook/ament_prefix_path.dsv'
[0.961s] INFO:colcon.colcon_core.shell:Creating environment hook '/home/emma/ENPM673_final_project/install/tb4_sim/share/tb4_sim/hook/ament_prefix_path.sh'
[0.962s] INFO:colcon.colcon_core.shell:Skip shell extension 'powershell' for command environment: Not usable outside of PowerShell
[0.962s] DEBUG:colcon.colcon_core.shell:Skip shell extension 'dsv' for command environment
[1.604s] INFO:colcon.colcon_core.task.python.build:Building Python package in '/home/emma/ENPM673_final_project/src'
[1.605s] INFO:colcon.colcon_core.shell:Skip shell extension 'powershell' for command environment: Not usable outside of PowerShell
[1.605s] DEBUG:colcon.colcon_core.shell:Skip shell extension 'dsv' for command environment
[2.488s] DEBUG:colcon.colcon_core.event_handler.log_command:Invoking command in '/home/emma/ENPM673_final_project/src': PYTHONPATH=/home/emma/ENPM673_final_project/build/tb4_sim/prefix_override:/usr/lib/python3/dist-packages/colcon_core/task/python/colcon_distutils_commands:/home/emma/ENPM673_final_project/install/tb4_sim/lib/python3.10/site-packages:${PYTHONPATH} /usr/bin/python3 -W ignore:setup.py install is deprecated -W ignore:easy_install command is deprecated setup.py egg_info --egg-base ../build/tb4_sim build --build-base /home/emma/ENPM673_final_project/build/tb4_sim/build install --record /home/emma/ENPM673_final_project/build/tb4_sim/install.log --single-version-externally-managed install_data
[3.127s] DEBUG:colcon.colcon_core.event_handler.log_command:Invoked command in '/home/emma/ENPM673_final_project/src' returned '0': PYTHONPATH=/home/emma/ENPM673_final_project/build/tb4_sim/prefix_override:/usr/lib/python3/dist-packages/colcon_core/task/python/colcon_distutils_commands:/home/emma/ENPM673_final_project/install/tb4_sim/lib/python3.10/site-packages:${PYTHONPATH} /usr/bin/python3 -W ignore:setup.py install is deprecated -W ignore:easy_install command is deprecated setup.py egg_info --egg-base ../build/tb4_sim build --build-base /home/emma/ENPM673_final_project/build/tb4_sim/build install --record /home/emma/ENPM673_final_project/build/tb4_sim/install.log --single-version-externally-managed install_data
[3.131s] Level 1:colcon.colcon_core.environment:checking '/home/emma/ENPM673_final_project/install/tb4_sim' for CMake module files
[3.132s] Level 1:colcon.colcon_core.environment:checking '/home/emma/ENPM673_final_project/install/tb4_sim' for CMake config files
[3.133s] Level 1:colcon.colcon_core.environment:checking '/home/emma/ENPM673_final_project/install/tb4_sim/lib'
[3.133s] Level 1:colcon.colcon_core.environment:checking '/home/emma/ENPM673_final_project/install/tb4_sim/bin'
[3.133s] Level 1:colcon.colcon_core.environment:checking '/home/emma/ENPM673_final_project/install/tb4_sim/lib/pkgconfig/tb4_sim.pc'
[3.134s] Level 1:colcon.colcon_core.environment:checking '/home/emma/ENPM673_final_project/install/tb4_sim/lib/python3.10/site-packages'
[3.134s] Level 1:colcon.colcon_core.shell:create_environment_hook('tb4_sim', 'pythonpath')
[3.134s] INFO:colcon.colcon_core.shell:Creating environment hook '/home/emma/ENPM673_final_project/install/tb4_sim/share/tb4_sim/hook/pythonpath.ps1'
[3.135s] INFO:colcon.colcon_core.shell:Creating environment descriptor '/home/emma/ENPM673_final_project/install/tb4_sim/share/tb4_sim/hook/pythonpath.dsv'
[3.136s] INFO:colcon.colcon_core.shell:Creating environment hook '/home/emma/ENPM673_final_project/install/tb4_sim/share/tb4_sim/hook/pythonpath.sh'
[3.137s] Level 1:colcon.colcon_core.environment:checking '/home/emma/ENPM673_final_project/install/tb4_sim/bin'
[3.137s] Level 1:colcon.colcon_core.environment:create_environment_scripts_only(tb4_sim)
[3.138s] INFO:colcon.colcon_core.shell:Creating package script '/home/emma/ENPM673_final_project/install/tb4_sim/share/tb4_sim/package.ps1'
[3.140s] INFO:colcon.colcon_core.shell:Creating package descriptor '/home/emma/ENPM673_final_project/install/tb4_sim/share/tb4_sim/package.dsv'
[3.141s] INFO:colcon.colcon_core.shell:Creating package script '/home/emma/ENPM673_final_project/install/tb4_sim/share/tb4_sim/package.sh'
[3.142s] INFO:colcon.colcon_core.shell:Creating package script '/home/emma/ENPM673_final_project/install/tb4_sim/share/tb4_sim/package.bash'
[3.144s] INFO:colcon.colcon_core.shell:Creating package script '/home/emma/ENPM673_final_project/install/tb4_sim/share/tb4_sim/package.zsh'
[3.145s] Level 1:colcon.colcon_core.environment:create_file_with_runtime_dependencies(/home/emma/ENPM673_final_project/install/tb4_sim/share/colcon-core/packages/tb4_sim)
[3.146s] INFO:colcon.colcon_ros.task.ament_python.build:Building ROS package in '/home/emma/ENPM673_final_project/tb4_autonomy' with build type 'ament_python'
[3.146s] Level 1:colcon.colcon_core.shell:create_environment_hook('tb4_autonomy', 'ament_prefix_path')
[3.146s] INFO:colcon.colcon_core.shell:Creating environment hook '/home/emma/ENPM673_final_project/install/tb4_autonomy/share/tb4_autonomy/hook/ament_prefix_path.ps1'
[3.148s] INFO:colcon.colcon_core.shell:Creating environment descriptor '/home/emma/ENPM673_final_project/install/tb4_autonomy/share/tb4_autonomy/hook/ament_prefix_path.dsv'
[3.149s] INFO:colcon.colcon_core.shell:Creating environment hook '/home/emma/ENPM673_final_project/install/tb4_autonomy/share/tb4_autonomy/hook/ament_prefix_path.sh'
[3.150s] INFO:colcon.colcon_core.shell:Skip shell extension 'powershell' for command environment: Not usable outside of PowerShell
[3.150s] DEBUG:colcon.colcon_core.shell:Skip shell extension 'dsv' for command environment
[3.777s] INFO:colcon.colcon_core.task.python.build:Building Python package in '/home/emma/ENPM673_final_project/tb4_autonomy'
[3.778s] INFO:colcon.colcon_core.shell:Skip shell extension 'powershell' for command environment: Not usable outside of PowerShell
[3.778s] DEBUG:colcon.colcon_core.shell:Skip shell extension 'dsv' for command environment
[4.621s] DEBUG:colcon.colcon_core.event_handler.log_command:Invoking command in '/home/emma/ENPM673_final_project/tb4_autonomy': AMENT_PREFIX_PATH=/home/emma/ENPM673_final_project/install/tb4_sim:${AMENT_PREFIX_PATH} PYTHONPATH=/home/emma/ENPM673_final_project/build/tb4_autonomy/prefix_override:/usr/lib/python3/dist-packages/colcon_core/task/python/colcon_distutils_commands:/home/emma/ENPM673_final_project/install/tb4_autonomy/lib/python3.10/site-packages:/home/emma/ENPM673_final_project/install/tb4_sim/lib/python3.10/site-packages:${PYTHONPATH} /usr/bin/python3 -W ignore:setup.py install is deprecated -W ignore:easy_install command is deprecated setup.py egg_info --egg-base ../build/tb4_autonomy build --build-base /home/emma/ENPM673_final_project/build/tb4_autonomy/build install --record /home/emma/ENPM673_final_project/build/tb4_autonomy/install.log --single-version-externally-managed install_data
[5.283s] Level 1:colcon.colcon_core.environment:checking '/home/emma/ENPM673_final_project/install/tb4_autonomy' for CMake module files
[5.284s] DEBUG:colcon.colcon_core.event_handler.log_command:Invoked command in '/home/emma/ENPM673_final_project/tb4_autonomy' returned '0': AMENT_PREFIX_PATH=/home/emma/ENPM673_final_project/install/tb4_sim:${AMENT_PREFIX_PATH} PYTHONPATH=/home/emma/ENPM673_final_project/build/tb4_autonomy/prefix_override:/usr/lib/python3/dist-packages/colcon_core/task/python/colcon_distutils_commands:/home/emma/ENPM673_final_project/install/tb4_autonomy/lib/python3.10/site-packages:/home/emma/ENPM673_final_project/install/tb4_sim/lib/python3.10/site-packages:${PYTHONPATH} /usr/bin/python3 -W ignore:setup.py install is deprecated -W ignore:easy_install command is deprecated setup.py egg_info --egg-base ../build/tb4_autonomy build --build-base /home/emma/ENPM673_final_project/build/tb4_autonomy/build install --record /home/emma/ENPM673_final_project/build/tb4_autonomy/install.log --single-version-externally-managed install_data
[5.285s] Level 1:colcon.colcon_core.environment:checking '/home/emma/ENPM673_final_project/install/tb4_autonomy' for CMake config files
[5.286s] Level 1:colcon.colcon_core.environment:checking '/home/emma/ENPM673_final_project/install/tb4_autonomy/lib'
[5.286s] Level 1:colcon.colcon_core.environment:checking '/home/emma/ENPM673_final_project/install/tb4_autonomy/bin'
[5.286s] Level 1:colcon.colcon_core.environment:checking '/home/emma/ENPM673_final_project/install/tb4_autonomy/lib/pkgconfig/tb4_autonomy.pc'
[5.287s] Level 1:colcon.colcon_core.environment:checking '/home/emma/ENPM673_final_project/install/tb4_autonomy/lib/python3.10/site-packages'
[5.287s] Level 1:colcon.colcon_core.shell:create_environment_hook('tb4_autonomy', 'pythonpath')
[5.287s] INFO:colcon.colcon_core.shell:Creating environment hook '/home/emma/ENPM673_final_project/install/tb4_autonomy/share/tb4_autonomy/hook/pythonpath.ps1'
[5.288s] INFO:colcon.colcon_core.shell:Creating environment descriptor '/home/emma/ENPM673_final_project/install/tb4_autonomy/share/tb4_autonomy/hook/pythonpath.dsv'
[5.289s] INFO:colcon.colcon_core.shell:Creating environment hook '/home/emma/ENPM673_final_project/install/tb4_autonomy/share/tb4_autonomy/hook/pythonpath.sh'
[5.290s] Level 1:colcon.colcon_core.environment:checking '/home/emma/ENPM673_final_project/install/tb4_autonomy/bin'
[5.290s] Level 1:colcon.colcon_core.environment:create_environment_scripts_only(tb4_autonomy)
[5.291s] INFO:colcon.colcon_core.shell:Creating package script '/home/emma/ENPM673_final_project/install/tb4_autonomy/share/tb4_autonomy/package.ps1'
[5.292s] INFO:colcon.colcon_core.shell:Creating package descriptor '/home/emma/ENPM673_final_project/install/tb4_autonomy/share/tb4_autonomy/package.dsv'
[5.293s] INFO:colcon.colcon_core.shell:Creating package script '/home/emma/ENPM673_final_project/install/tb4_autonomy/share/tb4_autonomy/package.sh'
[5.294s] INFO:colcon.colcon_core.shell:Creating package script '/home/emma/ENPM673_final_project/install/tb4_autonomy/share/tb4_autonomy/package.bash'
[5.294s] INFO:colcon.colcon_core.shell:Creating package script '/home/emma/ENPM673_final_project/install/tb4_autonomy/share/tb4_autonomy/package.zsh'
[5.295s] Level 1:colcon.colcon_core.environment:create_file_with_runtime_dependencies(/home/emma/ENPM673_final_project/install/tb4_autonomy/share/colcon-core/packages/tb4_autonomy)
[5.296s] DEBUG:colcon.colcon_parallel_executor.executor.parallel:closing loop
[5.296s] DEBUG:colcon.colcon_parallel_executor.executor.parallel:loop closed
[5.296s] DEBUG:colcon.colcon_parallel_executor.executor.parallel:run_until_complete finished with '0'
[5.297s] DEBUG:colcon.colcon_core.event_reactor:joining thread
[5.309s] INFO:colcon.colcon_core.plugin_system:Skipping extension 'colcon_notification.desktop_notification.terminal_notifier': Not used on non-Darwin systems
[5.309s] INFO:colcon.colcon_core.plugin_system:Skipping extension 'colcon_notification.desktop_notification.win32': Not used on non-Windows systems
[5.309s] INFO:colcon.colcon_notification.desktop_notification:Sending desktop notification using 'notify2'
[5.337s] DEBUG:colcon.colcon_core.event_reactor:joined thread
[5.338s] INFO:colcon.colcon_core.shell:Creating prefix script '/home/emma/ENPM673_final_project/install/local_setup.ps1'
[5.340s] INFO:colcon.colcon_core.shell:Creating prefix util module '/home/emma/ENPM673_final_project/install/_local_setup_util_ps1.py'
[5.343s] INFO:colcon.colcon_core.shell:Creating prefix chain script '/home/emma/ENPM673_final_project/install/setup.ps1'
[5.349s] INFO:colcon.colcon_core.shell:Creating prefix script '/home/emma/ENPM673_final_project/install/local_setup.sh'
[5.350s] INFO:colcon.colcon_core.shell:Creating prefix util module '/home/emma/ENPM673_final_project/install/_local_setup_util_sh.py'
[5.351s] INFO:colcon.colcon_core.shell:Creating prefix chain script '/home/emma/ENPM673_final_project/install/setup.sh'
[5.356s] INFO:colcon.colcon_core.shell:Creating prefix script '/home/emma/ENPM673_final_project/install/local_setup.bash'
[5.357s] INFO:colcon.colcon_core.shell:Creating prefix chain script '/home/emma/ENPM673_final_project/install/setup.bash'
[5.362s] INFO:colcon.colcon_core.shell:Creating prefix script '/home/emma/ENPM673_final_project/install/local_setup.zsh'
[5.363s] INFO:colcon.colcon_core.shell:Creating prefix chain script '/home/emma/ENPM673_final_project/install/setup.zsh'
