/home/emma/ENPM673_final_project/install/tb4_sim/lib/python3.10/site-packages/tb4_sim/__init__.py
/home/emma/ENPM673_final_project/install/tb4_sim/lib/python3.10/site-packages/tb4_sim/__pycache__/__init__.cpython-310.pyc
/home/emma/ENPM673_final_project/install/tb4_sim/share/ament_index/resource_index/packages/tb4_sim
/home/emma/ENPM673_final_project/install/tb4_sim/share/tb4_sim/package.xml
/home/emma/ENPM673_final_project/install/tb4_sim/share/tb4_sim/launch/tb4_launcher.py
/home/emma/ENPM673_final_project/install/tb4_sim/share/tb4_sim/resource/tb4_raw.urdf
/home/emma/ENPM673_final_project/install/tb4_sim/share/tb4_sim/resource/tb4_webots.xacro
/home/emma/ENPM673_final_project/install/tb4_sim/share/tb4_sim/resource/tb4_control.yaml
/home/emma/ENPM673_final_project/install/tb4_sim/share/tb4_sim/resource/helper.xacro
/home/emma/ENPM673_final_project/install/tb4_sim/share/tb4_sim/controllers/ball_robot/ball_robot.py
/home/emma/ENPM673_final_project/install/tb4_sim/share/tb4_sim/worlds/house.wbt
/home/emma/ENPM673_final_project/install/tb4_sim/share/tb4_sim/worlds/mini_office.wbt
/home/emma/ENPM673_final_project/install/tb4_sim/share/tb4_sim/worlds/office.wbt
/home/emma/ENPM673_final_project/install/tb4_sim/share/tb4_sim/textures/logo.png
/home/emma/ENPM673_final_project/install/tb4_sim/share/tb4_sim/textures/arrow_paper.png
/home/emma/ENPM673_final_project/install/tb4_sim/share/tb4_sim/textures/paper_a4_texture.png
/home/emma/ENPM673_final_project/install/tb4_sim/lib/python3.10/site-packages/tb4_sim-0.1.0-py3.10.egg-info/SOURCES.txt
/home/emma/ENPM673_final_project/install/tb4_sim/lib/python3.10/site-packages/tb4_sim-0.1.0-py3.10.egg-info/dependency_links.txt
/home/emma/ENPM673_final_project/install/tb4_sim/lib/python3.10/site-packages/tb4_sim-0.1.0-py3.10.egg-info/entry_points.txt
/home/emma/ENPM673_final_project/install/tb4_sim/lib/python3.10/site-packages/tb4_sim-0.1.0-py3.10.egg-info/requires.txt
/home/emma/ENPM673_final_project/install/tb4_sim/lib/python3.10/site-packages/tb4_sim-0.1.0-py3.10.egg-info/top_level.txt
/home/emma/ENPM673_final_project/install/tb4_sim/lib/python3.10/site-packages/tb4_sim-0.1.0-py3.10.egg-info/zip-safe
/home/emma/ENPM673_final_project/install/tb4_sim/lib/python3.10/site-packages/tb4_sim-0.1.0-py3.10.egg-info/PKG-INFO
