[1.472s] Invoking command in '/home/emma/ENPM673_final_project/tb4_autonomy': AMENT_PREFIX_PATH=/home/emma/ENPM673_final_project/install/tb4_sim:${AMENT_PREFIX_PATH} PYTHONPATH=/home/emma/ENPM673_final_project/build/tb4_autonomy/prefix_override:/usr/lib/python3/dist-packages/colcon_core/task/python/colcon_distutils_commands:/home/emma/ENPM673_final_project/install/tb4_autonomy/lib/python3.10/site-packages:/home/emma/ENPM673_final_project/install/tb4_sim/lib/python3.10/site-packages:${PYTHONPATH} /usr/bin/python3 -W ignore:setup.py install is deprecated -W ignore:easy_install command is deprecated setup.py egg_info --egg-base ../build/tb4_autonomy build --build-base /home/emma/ENPM673_final_project/build/tb4_autonomy/build install --record /home/emma/ENPM673_final_project/build/tb4_autonomy/install.log --single-version-externally-managed install_data
[2.016s] running egg_info
[2.020s] writing ../build/tb4_autonomy/tb4_autonomy.egg-info/PKG-INFO
[2.021s] writing dependency_links to ../build/tb4_autonomy/tb4_autonomy.egg-info/dependency_links.txt
[2.021s] writing entry points to ../build/tb4_autonomy/tb4_autonomy.egg-info/entry_points.txt
[2.021s] writing requirements to ../build/tb4_autonomy/tb4_autonomy.egg-info/requires.txt
[2.022s] writing top-level names to ../build/tb4_autonomy/tb4_autonomy.egg-info/top_level.txt
[2.026s] reading manifest file '../build/tb4_autonomy/tb4_autonomy.egg-info/SOURCES.txt'
[2.028s] writing manifest file '../build/tb4_autonomy/tb4_autonomy.egg-info/SOURCES.txt'
[2.028s] running build
[2.028s] running build_py
[2.030s] copying tb4_autonomy/detectors/horizon_detector.py -> /home/emma/ENPM673_final_project/build/tb4_autonomy/build/lib/tb4_autonomy/detectors
[2.031s] running install
[2.032s] running install_lib
[2.034s] copying /home/emma/ENPM673_final_project/build/tb4_autonomy/build/lib/tb4_autonomy/detectors/horizon_detector.py -> /home/emma/ENPM673_final_project/install/tb4_autonomy/lib/python3.10/site-packages/tb4_autonomy/detectors
[2.036s] byte-compiling /home/emma/ENPM673_final_project/install/tb4_autonomy/lib/python3.10/site-packages/tb4_autonomy/detectors/horizon_detector.py to horizon_detector.cpython-310.pyc
[2.038s] running install_data
[2.039s] copying config/autonomy.yaml -> /home/emma/ENPM673_final_project/install/tb4_autonomy/share/tb4_autonomy/config
[2.039s] running install_egg_info
[2.043s] removing '/home/emma/ENPM673_final_project/install/tb4_autonomy/lib/python3.10/site-packages/tb4_autonomy-0.1.0-py3.10.egg-info' (and everything under it)
[2.043s] Copying ../build/tb4_autonomy/tb4_autonomy.egg-info to /home/emma/ENPM673_final_project/install/tb4_autonomy/lib/python3.10/site-packages/tb4_autonomy-0.1.0-py3.10.egg-info
[2.045s] running install_scripts
[2.088s] Installing vision_controller_node script to /home/emma/ENPM673_final_project/install/tb4_autonomy/lib/tb4_autonomy
[2.089s] writing list of installed files to '/home/emma/ENPM673_final_project/build/tb4_autonomy/install.log'
[2.136s] Invoked command in '/home/emma/ENPM673_final_project/tb4_autonomy' returned '0': AMENT_PREFIX_PATH=/home/emma/ENPM673_final_project/install/tb4_sim:${AMENT_PREFIX_PATH} PYTHONPATH=/home/emma/ENPM673_final_project/build/tb4_autonomy/prefix_override:/usr/lib/python3/dist-packages/colcon_core/task/python/colcon_distutils_commands:/home/emma/ENPM673_final_project/install/tb4_autonomy/lib/python3.10/site-packages:/home/emma/ENPM673_final_project/install/tb4_sim/lib/python3.10/site-packages:${PYTHONPATH} /usr/bin/python3 -W ignore:setup.py install is deprecated -W ignore:easy_install command is deprecated setup.py egg_info --egg-base ../build/tb4_autonomy build --build-base /home/emma/ENPM673_final_project/build/tb4_autonomy/build install --record /home/emma/ENPM673_final_project/build/tb4_autonomy/install.log --single-version-externally-managed install_data
